// Jest Snapshot v1, https://goo.gl/fbAQLP

exports[`<Home /> should render correctly 1`] = `
.c9 {
  display: -webkit-box;
  display: -webkit-flex;
  display: -ms-flexbox;
  display: flex;
  cursor: pointer;
  padding: 1.6rem;
  border: none;
  gap: 1.6rem;
  border-radius: 0.5rem;
  box-shadow: 0px 0px 8px rgba(0,0,0,0.15);
  -webkit-align-items: center;
  -webkit-box-align: center;
  -ms-flex-align: center;
  align-items: center;
  background: #fff;
}

.c10 {
  width: 4rem;
  height: 4rem;
}

.c13 {
  width: 10rem;
  height: 8rem;
}

.c11 {
  display: -webkit-box;
  display: -webkit-flex;
  display: -ms-flexbox;
  display: flex;
  -webkit-flex-direction: column;
  -ms-flex-direction: column;
  flex-direction: column;
  gap: 0.8rem;
}

.c11 h3,
.c11 h4 {
  text-align: left;
  color: #212D22;
}

.c14 {
  color: #394338;
  font-size: 1.4rem;
}

.c17 {
  color: #394338;
  width: -webkit-fit-content;
  width: -moz-fit-content;
  width: fit-content;
}

.c18 {
  font-size: 1.2rem;
}

.c5 {
  width: 4.6rem;
  height: 3.9rem;
}

.c0 {
  -webkit-flex: 1;
  -ms-flex: 1;
  flex: 1;
  display: -webkit-box;
  display: -webkit-flex;
  display: -ms-flexbox;
  display: flex;
  -webkit-flex-direction: column;
  -ms-flex-direction: column;
  flex-direction: column;
  gap: 4.0rem;
  -webkit-align-items: center;
  -webkit-box-align: center;
  -ms-flex-align: center;
  align-items: center;
  width: 100%;
}

.c2 {
  -webkit-flex: 1;
  -ms-flex: 1;
  flex: 1;
  display: -webkit-box;
  display: -webkit-flex;
  display: -ms-flexbox;
  display: flex;
  -webkit-align-items: center;
  -webkit-box-align: center;
  -ms-flex-align: center;
  align-items: center;
  -webkit-flex-direction: column;
  -ms-flex-direction: column;
  flex-direction: column;
  -webkit-box-pack: center;
  -webkit-justify-content: center;
  -ms-flex-pack: center;
  justify-content: center;
  font-family: 'Pacifico','Segoe UI',Roboto,Oxygen,Ubuntu,Cantarell,'Open Sans','Helvetica Neue',sans-serif;
  color: #394338;
  line-height: 1.4;
}

.c4 {
  display: -webkit-box;
  display: -webkit-flex;
  display: -ms-flexbox;
  display: flex;
  -webkit-align-items: center;
  -webkit-box-align: center;
  -ms-flex-align: center;
  align-items: center;
  gap: 0.8rem;
  max-width: 30rem;
  width: 100%;
}

.c7 {
  display: grid;
  grid-template-columns: 1fr 1fr;
  gap: 1.6rem;
  max-width: 30rem;
  grid-template-areas: 'account account' 'donation receive' 'connections connections';
}

.c7 > *:first-child {
  grid-area: account;
}

.c7 > *:nth-child(2) {
  grid-area: donation;
}

.c7 > *:nth-child(3) {
  grid-area: receive;
}

.c3 {
  font-size: 8.0rem;
}

.c15 {
  color: #394338;
  font-size: 1.2rem;
  font-weight: 300;
  grid-area: connections;
}

.c12 {
  display: -webkit-box;
  display: -webkit-flex;
  display: -ms-flexbox;
  display: flex;
  -webkit-align-items: center;
  -webkit-box-align: center;
  -ms-flex-align: center;
  align-items: center;
  border-radius: 0.4rem;
  padding: 0.8rem;
  margin-left: auto;
  cursor: pointer;
}

@media (max-width:767px) {
  .c0 .c8:not(:first-child) {
    text-align: center;
    -webkit-flex-direction: column;
    -ms-flex-direction: column;
    flex-direction: column;
  }

  .c0 .c8:not(:first-child) h3 {
    text-align: center;
  }
}

@media (min-height:768px) {
  .c0 {
    gap: 6.2rem;
  }
}

@media (min-width:768px) {
  .c0 {
    -webkit-align-items: flex-start;
    -webkit-box-align: flex-start;
    -ms-flex-align: flex-start;
    align-items: flex-start;
    gap: 4.0rem;
    -webkit-box-pack: end;
    -webkit-justify-content: flex-end;
    -ms-flex-pack: end;
    justify-content: flex-end;
  }

  .c0 .c1 {
    -webkit-box-pack: end;
    -webkit-justify-content: flex-end;
    -ms-flex-pack: end;
    justify-content: flex-end;
    -webkit-align-items: flex-start;
    -webkit-box-align: flex-start;
    -ms-flex-align: flex-start;
    align-items: flex-start;
  }

  .c0 .c6 {
    max-width: unset;
    grid-template-areas: 'account .' 'donation receive' 'connections .';
  }
}

@media (min-width:1440px) {
  .c0 {
    max-width: 88rem;
    margin: 0 auto;
  }

  .c0 .c16 {
    margin-top: 3.2rem;
  }
}

@media (min-height:900px) {
  .c2 {
    -webkit-box-pack: end;
    -webkit-justify-content: flex-end;
    -ms-flex-pack: end;
    justify-content: flex-end;
  }
}

<div
  data-testid="Mock Page"
>
  <div
    class="c0"
  >
    <header
      class="c1 c2"
    >
      <h1
        class="c3"
      >
        Doe
      </h1>
      <h2>
        Conectando pessoas
      </h2>
    </header>
    <section
      class="c4"
    >
      <div
        class="c5"
      >
        <svg
          aria-label="Doe"
          fill="none"
          height="100%"
          role="img"
          viewBox="0 0 100 90"
          width="100%"
          xmlns="http://www.w3.org/2000/svg"
        >
          <g
            clip-path="url(#a)"
            filter="url(#b)"
          >
            <path
              d="M91.977 31.877c-1.5-21.814-25.121-30.088-40.495-17.3l9 8.65c7.498 10.906-2.25 19.556-13.499 13.539L28.61 55.571c-3.374 4.137.375 10.154 6 7.146l20.997-20.31 2.25 1.88-20.623 21.438c-2.624 4.513 1.875 9.026 7.124 6.018l20.248-20.31 2.624 1.881-20.622 21.061c-3.374 4.513 2.25 10.155 6.75 6.394l32.245-31.968c7.124-9.402 6.374-16.924 6.374-16.924Z"
              fill="#04D361"
            />
            <path
              d="m44.733 34.51-6.374-7.146-18.748 18.804c-4.499 4.137 1.5 12.411 7.125 6.77l17.997-18.429Z"
              fill="#04D361"
            />
            <path
              d="M47.733 14.2c-4.124-3.384-15.748-11.659-30.746-.752C1.14 24.972 9.863 45.792 15.862 50.305c-.75-2.256 1.5-5.641 2.625-6.77l17.997-18.428-5.999-5.641 1.875-1.505 15.748 15.796c8.249 8.274 16.498-2.632 9.749-9.402 0 0-5.876-6.669-10.124-10.155Z"
              fill="#04D361"
            />
            <path
              d="M91.977 31.877c-1.5-21.814-25.121-30.088-40.495-17.3l9 8.65c7.498 10.906-2.25 19.556-13.499 13.539L28.61 55.571c-3.374 4.137.375 10.154 6 7.146l20.997-20.31 2.25 1.88-20.623 21.438c-2.624 4.513 1.875 9.026 7.124 6.018l20.248-20.31 2.624 1.881-20.622 21.061c-3.374 4.513 2.25 10.155 6.75 6.394l32.245-31.968c7.124-9.402 6.374-16.924 6.374-16.924Z"
              stroke="#000"
              stroke-width=".5"
            />
            <path
              d="m44.733 34.51-6.374-7.146-18.748 18.804c-4.499 4.137 1.5 12.411 7.125 6.77l17.997-18.429Z"
              stroke="#000"
              stroke-width=".5"
            />
            <path
              d="M47.733 14.2c-4.124-3.384-15.748-11.659-30.746-.752C1.14 24.972 9.863 45.792 15.862 50.305c-.75-2.256 1.5-5.641 2.625-6.77l17.997-18.428-5.999-5.641 1.875-1.505 15.748 15.796c8.249 8.274 16.498-2.632 9.749-9.402 0 0-5.876-6.669-10.124-10.155Z"
              stroke="#000"
              stroke-width=".5"
            />
          </g>
          <defs>
            <clippath
              id="a"
            >
              <path
                d="M0 0h100v89H0z"
                fill="#fff"
              />
            </clippath>
            <filter
              color-interpolation-filters="sRGB"
              filterUnits="userSpaceOnUse"
              height="82.5"
              id="b"
              width="92.5"
              x="3.75"
              y="7.75"
            >
              <feflood
                flood-opacity="0"
                result="BackgroundImageFix"
              />
              <fecolormatrix
                in="SourceAlpha"
                result="hardAlpha"
                values="0 0 0 0 0 0 0 0 0 0 0 0 0 0 0 0 0 0 127 0"
              />
              <feoffset
                dy="4"
              />
              <fegaussianblur
                stdDeviation="2"
              />
              <fecolormatrix
                values="0 0 0 0 0 0 0 0 0 0 0 0 0 0 0 0 0 0 0.25 0"
              />
              <feblend
                in2="BackgroundImageFix"
                result="effect1_dropShadow_333:569"
              />
              <feblend
                in="SourceGraphic"
                in2="effect1_dropShadow_333:569"
                result="shape"
              />
              <fecolormatrix
                in="SourceAlpha"
                result="hardAlpha"
                values="0 0 0 0 0 0 0 0 0 0 0 0 0 0 0 0 0 0 127 0"
              />
              <feoffset />
              <fegaussianblur
                stdDeviation="5"
              />
              <fecomposite
                in2="hardAlpha"
                k2="-1"
                k3="1"
                operator="arithmetic"
              />
              <fecolormatrix
                values="0 0 0 0 0 0 0 0 0 0 0 0 0 0 0 0 0 0 0.25 0"
              />
              <feblend
                in2="shape"
                result="effect2_innerShadow_333:569"
              />
            </filter>
          </defs>
        </svg>
      </div>
      <h3>
        Olá, 
        Allan
      </h3>
    </section>
    <main
      class="c6 c7"
    >
      <a
        class="c8 c9"
      >
        <img
          alt="Avatar do usuário"
          class="c10"
          src="/img/avatar.svg"
        />
        <div
          class="c11"
        >
          <h4>
            Minha conta
          </h4>
        </div>
        <div
          class="c12"
          role="button"
        >
          <svg
            fill="none"
            height="20"
            stroke="currentColor"
            stroke-linecap="round"
            stroke-linejoin="round"
            stroke-width="2"
            viewBox="0 0 24 24"
            width="20"
            xmlns="http://www.w3.org/2000/svg"
          >
            <path
              d="M9 21H5a2 2 0 0 1-2-2V5a2 2 0 0 1 2-2h4"
            />
            <polyline
              points="16 17 21 12 16 7"
            />
            <line
              x1="21"
              x2="9"
              y1="12"
              y2="12"
            />
          </svg>
        </div>
      </a>
      <a
        class="c8 c9"
      >
        <img
          alt="Duas mãos enviando um coração vende para cima"
          class="c13"
          src="/img/donation.svg"
        />
        <div
          class="c11"
        >
          <h3>
            Doar
          </h3>
          <p
            class="c14"
          >
            Ajude pessoas ou causas
          </p>
        </div>
      </a>
      <a
        class="c8 c9"
      >
        <img
          alt="Duas mãos segurando um coração vende"
          class="c13"
          src="/img/receive.svg"
        />
        <div
          class="c11"
        >
          <h3>
            Encontrar
          </h3>
          <p
            class="c14"
          >
            Procure algo que você precisa
          </p>
        </div>
      </a>
      <p
        class="c15"
      >
        200
         pessoas conectadas
      </p>
    </main>
    <footer
      class="c16 c17"
    >
      <p
        class="c18"
      >
        Doe © 2021, Nenhum direito reservado.
      </p>
    </footer>
  </div>
</div>
`
